create table hello (sno number, sname varchar(020));

create or replace trigger trig1
before insert on hello
begin
dbms_output.put_line('statement level trigger demo');
end;

show errors

spool on

create or replace trigger trig1
before insert on hello
begin
dbms_output.put_line('statement level trigger demo');
end;

Trigger created.

SQL> show errors
No errors.
SQL>
SQL> insert into hello values(1,'a);
ERROR:
ORA-01756: quoted string not properly terminated


SQL> insert into hello values(1,'a');

1 row created.

SQL> set serveroutput on
SQL>
SQL>
SQL> insert into hello values(2,'b');
statement level trigger demo

1 row created.

SQL> insert into hello values(3,'c');
statement level trigger demo

1 row created.

SQL> select * from hello;

       SNO SNAME
---------- --------------------
         1 a
         2 b
         3 c

SQL> update hello set sname='arif' where sno=1;

1 row updated.

SQL> create or replace trigger trig1
  2  before insert or update or delete on hello
  3  begin
  4  dbms_output.put_line('statement level trigger demo');
  5  end;
  6  /

Trigger created.

SQL> update hello set sname='arif' where sno=1;
statement level trigger demo

1 row updated.

SQL> delete from hello where sno=2;
statement level trigger demo

1 row deleted.

SQL> insert into hello values(4,'d');
statement level trigger demo

1 row created.

SQL> commit;

Commit complete.

SQL> select * from hello;

       SNO SNAME
---------- --------------------
         1 arif
         3 c
         4 d

SQL> --notice the trigger now
SQL>
SQL> delete from hello;
statement level trigger demo

3 rows deleted.

SQL> delete from hello;
statement level trigger demo

0 rows deleted.

SQL> create or replace trigger trig1
  2  before insert or update or delete on hello
  3  for each row
  4  begin
  5  dbms_output.put_line('statement level trigger demo');
  6  end;
  7  /

Trigger created.

SQL> ed
Wrote file afiedt.buf

  1  create or replace trigger trig1
  2  before insert or update or delete on hello
  3  for each row
  4  begin
  5  dbms_output.put_line('row level trigger demo');
  6* end;
SQL> /

Trigger created.

SQL> select * from hello;

no rows selected

SQL> insert into hello values(4,'d');
row level trigger demo

1 row created.

SQL> insert into hello values(1,'a');
row level trigger demo

1 row created.

SQL> insert into hello values(3,'a');
row level trigger demo

1 row created.

SQL> delete from hello;
row level trigger demo
row level trigger demo
row level trigger demo

3 rows deleted.

SQL> delete from hello;

0 rows deleted.

SQL> drop trigger trig1;

Trigger dropped.

SQL> create table hello2 as select * from hello;

Table created.

SQL> select * from hello;

no rows selected

SQL> select * from hello2;

no rows selected

SQL> --inserting data in hello and hello2 simultaneously
SQL>
SQL> create or replace trigger trig1
  2  after insert on hello
  3  for each row
  4  begin
  5  insert into hello2 values(:new.sno, :new.sname);
  6  end;
  7  /

Trigger created.

SQL> insert into hello values(3,'a');

1 row created.

SQL> select * from hello;

       SNO SNAME
---------- --------------------
         3 a

SQL> select * from hello2;

       SNO SNAME
---------- --------------------
         3 a

SQL>
SQL>
SQL> truncate table hello2;

Table truncated.

SQL> --whenever a record is deleted from hello table, it will be inserted in hello2
SQL>
SQL> alter table hello2(who varchar(20), when date);
alter table hello2(who varchar(20), when date)
                  *
ERROR at line 1:
ORA-01735: invalid ALTER TABLE option


SQL> alter table hello2 add(who varchar(20), when date);

Table altered.

SQL> create or replace trigger trig1
  2  after delete on hello
  3  for each row
  4  begin
  5  insert into hello2 values(:old.sno, :old.sname,user,sysdate);
  6  end;
  7  /

Trigger created.

SQL> delete from hello;

1 row deleted.

SQL> select * from hello;

no rows selected

SQL> select * from hello2;

       SNO SNAME                WHO                  WHEN
---------- -------------------- -------------------- ---------
         3 a                    HR                   17-FEB-22

SQL> grant delete on hello to public;

Grant succeeded.

SQL> insert into hello values(3,'a');

1 row created.

SQL> insert into hello values(2,'b');

1 row created.

SQL> commit;

Commit complete.

SQL>
SQL> connect ali/1@pdb1
Connected.
SQL> delete from hello where sno=2;
delete from hello where sno=2
            *
ERROR at line 1:
ORA-00942: table or view does not exist


SQL> delete from hr.hello where sno=2;
delete from hr.hello where sno=2
               *
ERROR at line 1:
ORA-01031: insufficient privileges


SQL> /
delete from hr.hello where sno=2
               *
ERROR at line 1:
ORA-01031: insufficient privileges


SQL> connect hr/hr@pdb1
Connected.
SQL>
SQL>
SQL> select * from hello;

       SNO SNAME
---------- --------------------
         3 a
         2 b

SQL> select * from hello2
  2  ;

       SNO SNAME                WHO                  WHEN
---------- -------------------- -------------------- ---------
         3 a                    HR                   17-FEB-22

SQL>
SQL>
SQL>
SQL>
SQL>
SQL>
SQL>
SQL> show user
USER is "HR"
SQL>
SQL>
SQL> create view v1 as select * from hello;

View created.

SQL> select * from v1;

       SNO SNAME
---------- --------------------
         3 a
         2 b

SQL> insert into v1 values(4,'d');

1 row created.

SQL> commit;

Commit complete.

SQL> select * from v1;

       SNO SNAME
---------- --------------------
         3 a
         2 b
         4 d

SQL> select * from hello;

       SNO SNAME
---------- --------------------
         3 a
         2 b
         4 d

SQL> create view v1 as select * from hello with read only;
create view v1 as select * from hello with read only
            *
ERROR at line 1:
ORA-00955: name is already used by an existing object


SQL> create view v2 as select * from hello with read only;

View created.

SQL> insert into v2 values(4,'d');
insert into v2 values(4,'d')
*
ERROR at line 1:
ORA-42399: cannot perform a DML operation on a read-only view


SQL> select * from hello;

       SNO SNAME
---------- --------------------
         3 a
         2 b
         4 d

SQL> alter table hello add constraint snopkk primary key(sno);

Table altered.

SQL> create table hellochild(sno number, dated date);

Table created.

SQL> alter table hellochild add constraint snofkk foreign key(sno) references hello (sno);

Table altered.

SQL> insert into hellochild values(2,sysdate);

1 row created.

SQL> commit;

Commit complete.

SQL> select * from hello;

       SNO SNAME
---------- --------------------
         3 a
         2 b
         4 d

SQL> select * from hellochild;

       SNO DATED
---------- ---------
         2 17-FEB-22

SQL> select sno,sname,dated from hello join hellochild on hello.sno=hellochild.sno;
select sno,sname,dated from hello join hellochild on hello.sno=hellochild.sno
       *
ERROR at line 1:
ORA-00918: column ambiguously defined


SQL> select hello.sno,sname,dated from hello join hellochild on hello.sno=hellochild.sno;

       SNO SNAME                DATED
---------- -------------------- ---------
         2 b                    17-FEB-22

SQL> create view hello_v as select hello.sno,sname,dated from hello join hellochild on hello.sno=hellochild.sno;

View created.

SQL> select * from hello_v;

       SNO SNAME                DATED
---------- -------------------- ---------
         2 b                    17-FEB-22

SQL> desc hello_v;
 Name                                      Null?    Type
 ----------------------------------------- -------- ----------------------------
 SNO                                       NOT NULL NUMBER
 SNAME                                              VARCHAR2(20)
 DATED                                              DATE

SQL> insert into hello_v values(4,'m',sysdate);
insert into hello_v values(4,'m',sysdate)
*
ERROR at line 1:
ORA-01779: cannot modify a column which maps to a non key-preserved table


SQL> ed insteadoftrig

SQL>
SQL>
SQL>
SQL>
SQL>
SQL>
SQL>
SQL> CREATE TABLE new_emps AS
  2   SELECT employee_id,last_name,salary,department_id FROM employees;

Table created.

SQL> CREATE TABLE new_depts AS
  2   SELECT d.department_id,d.department_name,
  3          sum(e.salary) dept_sal^K FROM employees e, departments d
  4   WHERE e.department_id = d.department_id;
 SELECT d.department_id,d.department_name,
        *
ERROR at line 2:
ORA-00937: not a single-group group function


SQL> ed
Wrote file afiedt.buf

  1  CREATE TABLE new_depts AS
  2   SELECT d.department_id,d.department_name,
  3          sum(e.salary) dept_sal FROM employees e, departments d
  4*  WHERE e.department_id = d.department_id
SQL> /
 SELECT d.department_id,d.department_name,
        *
ERROR at line 2:
ORA-00937: not a single-group group function


SQL> ed
Wrote file afiedt.buf

  1  CREATE TABLE new_depts AS
  2   SELECT d.department_id,d.department_name, sum(e.salary) dept_sal FROM employees e, departments d
  3*  WHERE e.department_id = d.department_id
SQL> SELECT d.department_id,d.department_name, sum(e.salary) dept_sal FROM employees e, departments d
  2   WHERE e.department_id = d.department_id;
SELECT d.department_id,d.department_name, sum(e.salary) dept_sal FROM employees e, departments d
       *
ERROR at line 1:
ORA-00937: not a single-group group function


SQL>
SQL>
SQL>
SQL> SELECT d.department_id,d.department_name, sum(e.salary) dept_sal FROM employees e, departments d
  2   WHERE e.department_id = d.department_id
  3  /
SELECT d.department_id,d.department_name, sum(e.salary) dept_sal FROM employees e, departments d
       *
ERROR at line 1:
ORA-00937: not a single-group group function


SQL> SELECT d.department_id,d.department_name,sum(salary) D
  2
SQL>
SQL>
SQL>
SQL> CREATE TABLE new_depts AS
  2   SELECT d.department_id,d.department_name,
  3          sum(e.salary) dept_sal FROM employees e, departments d
  4   WHERE e.department_id = d.department_id
  5  group by e.department_id, d.department_name;
 SELECT d.department_id,d.department_name,
        *
ERROR at line 2:
ORA-00979: not a GROUP BY expression


SQL> ed
Wrote file afiedt.buf

  1  CREATE TABLE new_depts AS
  2   SELECT d.department_id,d.department_name,
  3          sum(e.salary) dept_sal FROM employees e, departments d
  4   WHERE e.department_id = d.department_id
  5* group by e.department_id, d.department_name
SQL>
SQL>
SQL>
SQL>
SQL>
SQL>
SQL>
SQL> select d.department_id, department_name, sum(salary) DEPT_SAL from employees e, departments d
  2  on e.department_id = d.department_id
  3  group by department_id, department_name;
on e.department_id = d.department_id
*
ERROR at line 2:
ORA-00933: SQL command not properly ended


SQL> ed
Wrote file afiedt.buf

  1  select d.department_id, department_name, sum(salary) DEPT_SAL from employees e, departments d
  2  where e.department_id = d.department_id
  3* group by department_id, department_name
SQL> /
group by department_id, department_name
         *
ERROR at line 3:
ORA-00918: column ambiguously defined


SQL> ed
Wrote file afiedt.buf

  1  select d.department_id, department_name, sum(salary) DEPT_SAL from employees e, departments d
  2  where e.department_id = d.department_id
  3* group by e.department_id, department_name
SQL> /
select d.department_id, department_name, sum(salary) DEPT_SAL from employees e, departments d
       *
ERROR at line 1:
ORA-00979: not a GROUP BY expression


SQL>  select d.department_id, department_name,salary from employees e, departments d
  2  where e.department_id = d.department_id;

DEPARTMENT_ID DEPARTMENT_NAME                    SALARY
------------- ------------------------------ ----------
           10 Administration                       4400
           20 Marketing                           13000
           20 Marketing                            6000
           30 Purchasing                          11000
           30 Purchasing                           3100
           30 Purchasing                           2900
           30 Purchasing                           2800
           30 Purchasing                           2600
           30 Purchasing                           2500
           40 Human Resources                      6500
           50 Shipping                             8000

DEPARTMENT_ID DEPARTMENT_NAME                    SALARY
------------- ------------------------------ ----------
           50 Shipping                             8200
           50 Shipping                             7900
           50 Shipping                             6500
           50 Shipping                             5800
           50 Shipping                             3200
           50 Shipping                             2700
           50 Shipping                             2400
           50 Shipping                             2200
           50 Shipping                             3300
           50 Shipping                             2800
           50 Shipping                             2500

DEPARTMENT_ID DEPARTMENT_NAME                    SALARY
------------- ------------------------------ ----------
           50 Shipping                             2100
           50 Shipping                             3300
           50 Shipping                             2900
           50 Shipping                             2400
           50 Shipping                             2200
           50 Shipping                             3600
           50 Shipping                             3200
           50 Shipping                             2700
           50 Shipping                             2500
           50 Shipping                             3500
           50 Shipping                             3100

DEPARTMENT_ID DEPARTMENT_NAME                    SALARY
------------- ------------------------------ ----------
           50 Shipping                             2600
           50 Shipping                             2500
           50 Shipping                             3200
           50 Shipping                             3100
           50 Shipping                             2500
           50 Shipping                             2800
           50 Shipping                             4200
           50 Shipping                             4100
           50 Shipping                             3400
           50 Shipping                             3000
           50 Shipping                             3800

DEPARTMENT_ID DEPARTMENT_NAME                    SALARY
------------- ------------------------------ ----------
           50 Shipping                             3600
           50 Shipping                             2900
           50 Shipping                             2500
           50 Shipping                             4000
           50 Shipping                             3900
           50 Shipping                             3200
           50 Shipping                             2800
           50 Shipping                             3100
           50 Shipping                             3000
           50 Shipping                             2600
           50 Shipping                             2600

DEPARTMENT_ID DEPARTMENT_NAME                    SALARY
------------- ------------------------------ ----------
           60 IT                                   9000
           60 IT                                   6000
           60 IT                                   4800
           60 IT                                   4800
           60 IT                                   4200
           70 Public Relations                    10000
           80 Sales                               14000
           80 Sales                               13500
           80 Sales                               12000
           80 Sales                               11000
           80 Sales                               10500

DEPARTMENT_ID DEPARTMENT_NAME                    SALARY
------------- ------------------------------ ----------
           80 Sales                               10000
           80 Sales                                9500
           80 Sales                                9000
           80 Sales                                8000
           80 Sales                                7500
           80 Sales                                7000
           80 Sales                               10000
           80 Sales                                9500
           80 Sales                                9000
           80 Sales                                8000
           80 Sales                                7500

DEPARTMENT_ID DEPARTMENT_NAME                    SALARY
------------- ------------------------------ ----------
           80 Sales                                7000
           80 Sales                               10500
           80 Sales                                9500
           80 Sales                                7200
           80 Sales                                6800
           80 Sales                                6400
           80 Sales                                6200
           80 Sales                               11500
           80 Sales                               10000
           80 Sales                                9600
           80 Sales                                7400

DEPARTMENT_ID DEPARTMENT_NAME                    SALARY
------------- ------------------------------ ----------
           80 Sales                                7300
           80 Sales                                6100
           80 Sales                               11000
           80 Sales                                8800
           80 Sales                                8600
           80 Sales                                8400
           80 Sales                                6200
           90 Executive                           24000
           90 Executive                           17000
           90 Executive                           17000
          100 Finance                             12008

DEPARTMENT_ID DEPARTMENT_NAME                    SALARY
------------- ------------------------------ ----------
          100 Finance                              9000
          100 Finance                              8200
          100 Finance                              7700
          100 Finance                              7800
          100 Finance                              6900
          110 Accounting                          12008
          110 Accounting                           8300

106 rows selected.

SQL> CREATE VIEW emp_details AS
  2   SELECT e.employee_id, e.last_name, e.salary,
  3          e.department_id, d.department_name
  4   FROM employees e, departments d
  5   WHERE e.department_id = d.department_id
  6  GROUP BY d.department_id,d.department_name;
 SELECT e.employee_id, e.last_name, e.salary,
        *
ERROR at line 2:
ORA-00979: not a GROUP BY expression


SQL> SELECT e.employee_id, e.last_name, e.salary,
  2          e.department_id, d.department_name
  3   FROM employees e, departments d
  4   WHERE e.department_id = d.department_id
  5  GROUP BY d.department_id,d.department_name;
SELECT e.employee_id, e.last_name, e.salary,
       *
ERROR at line 1:
ORA-00979: not a GROUP BY expression


SQL> ed
Wrote file afiedt.buf

  1  SELECT e.employee_id, e.last_name, e.salary,
  2          e.department_id, d.department_name
  3   FROM employees e, departments d
  4*  WHERE e.department_id = d.department_id
  5  /

EMPLOYEE_ID LAST_NAME                     SALARY DEPARTMENT_ID
----------- ------------------------- ---------- -------------
DEPARTMENT_NAME
------------------------------
        200 Whalen                          4400            10
Administration

        201 Hartstein                      13000            20
Marketing

        202 Fay                             6000            20
Marketing


EMPLOYEE_ID LAST_NAME                     SALARY DEPARTMENT_ID
----------- ------------------------- ---------- -------------
DEPARTMENT_NAME
------------------------------
        114 Raphaely                       11000            30
Purchasing

        115 Khoo                            3100            30
Purchasing

        116 Baida                           2900            30
Purchasing


EMPLOYEE_ID LAST_NAME                     SALARY DEPARTMENT_ID
----------- ------------------------- ---------- -------------
DEPARTMENT_NAME
------------------------------
        117 Tobias                          2800            30
Purchasing

        118 Himuro                          2600            30
Purchasing

        119 Colmenares                      2500            30
Purchasing


EMPLOYEE_ID LAST_NAME                     SALARY DEPARTMENT_ID
----------- ------------------------- ---------- -------------
DEPARTMENT_NAME
------------------------------
        203 Mavris                          6500            40
Human Resources

        120 Weiss                           8000            50
Shipping

        121 Fripp                           8200            50
Shipping


EMPLOYEE_ID LAST_NAME                     SALARY DEPARTMENT_ID
----------- ------------------------- ---------- -------------
DEPARTMENT_NAME
------------------------------
        122 Kaufling                        7900            50
Shipping

        123 Vollman                         6500            50
Shipping

        124 Mourgos                         5800            50
Shipping


EMPLOYEE_ID LAST_NAME                     SALARY DEPARTMENT_ID
----------- ------------------------- ---------- -------------
DEPARTMENT_NAME
------------------------------
        125 Nayer                           3200            50
Shipping

        126 Mikkilineni                     2700            50
Shipping

        127 Landry                          2400            50
Shipping


EMPLOYEE_ID LAST_NAME                     SALARY DEPARTMENT_ID
----------- ------------------------- ---------- -------------
DEPARTMENT_NAME
------------------------------
        128 Markle                          2200            50
Shipping

        129 Bissot                          3300            50
Shipping

        130 Atkinson                        2800            50
Shipping


EMPLOYEE_ID LAST_NAME                     SALARY DEPARTMENT_ID
----------- ------------------------- ---------- -------------
DEPARTMENT_NAME
------------------------------
        131 Marlow                          2500            50
Shipping

        132 Olson                           2100            50
Shipping

        133 Mallin                          3300            50
Shipping


EMPLOYEE_ID LAST_NAME                     SALARY DEPARTMENT_ID
----------- ------------------------- ---------- -------------
DEPARTMENT_NAME
------------------------------
        134 Rogers                          2900            50
Shipping

        135 Gee                             2400            50
Shipping

        136 Philtanker                      2200            50
Shipping


EMPLOYEE_ID LAST_NAME                     SALARY DEPARTMENT_ID
----------- ------------------------- ---------- -------------
DEPARTMENT_NAME
------------------------------
        137 Ladwig                          3600            50
Shipping

        138 Stiles                          3200            50
Shipping

        139 Seo                             2700            50
Shipping


EMPLOYEE_ID LAST_NAME                     SALARY DEPARTMENT_ID
----------- ------------------------- ---------- -------------
DEPARTMENT_NAME
------------------------------
        140 Patel                           2500            50
Shipping

        141 Rajs                            3500            50
Shipping

        142 Davies                          3100            50
Shipping


EMPLOYEE_ID LAST_NAME                     SALARY DEPARTMENT_ID
----------- ------------------------- ---------- -------------
DEPARTMENT_NAME
------------------------------
        143 Matos                           2600            50
Shipping

        144 Vargas                          2500            50
Shipping

        180 Taylor                          3200            50
Shipping


EMPLOYEE_ID LAST_NAME                     SALARY DEPARTMENT_ID
----------- ------------------------- ---------- -------------
DEPARTMENT_NAME
------------------------------
        181 Fleaur                          3100            50
Shipping

        182 Sullivan                        2500            50
Shipping

        183 Geoni                           2800            50
Shipping


EMPLOYEE_ID LAST_NAME                     SALARY DEPARTMENT_ID
----------- ------------------------- ---------- -------------
DEPARTMENT_NAME
------------------------------
        184 Sarchand                        4200            50
Shipping

        185 Bull                            4100            50
Shipping

        186 Dellinger                       3400            50
Shipping


EMPLOYEE_ID LAST_NAME                     SALARY DEPARTMENT_ID
----------- ------------------------- ---------- -------------
DEPARTMENT_NAME
------------------------------
        187 Cabrio                          3000            50
Shipping

        188 Chung                           3800            50
Shipping

        189 Dilly                           3600            50
Shipping


EMPLOYEE_ID LAST_NAME                     SALARY DEPARTMENT_ID
----------- ------------------------- ---------- -------------
DEPARTMENT_NAME
------------------------------
        190 Gates                           2900            50
Shipping

        191 Perkins                         2500            50
Shipping

        192 Bell                            4000            50
Shipping


EMPLOYEE_ID LAST_NAME                     SALARY DEPARTMENT_ID
----------- ------------------------- ---------- -------------
DEPARTMENT_NAME
------------------------------
        193 Everett                         3900            50
Shipping

        194 McCain                          3200            50
Shipping

        195 Jones                           2800            50
Shipping


EMPLOYEE_ID LAST_NAME                     SALARY DEPARTMENT_ID
----------- ------------------------- ---------- -------------
DEPARTMENT_NAME
------------------------------
        196 Walsh                           3100            50
Shipping

        197 Feeney                          3000            50
Shipping

        198 OConnell                        2600            50
Shipping


EMPLOYEE_ID LAST_NAME                     SALARY DEPARTMENT_ID
----------- ------------------------- ---------- -------------
DEPARTMENT_NAME
------------------------------
        199 Grant                           2600            50
Shipping

        103 Hunold                          9000            60
IT

        104 Ernst                           6000            60
IT


EMPLOYEE_ID LAST_NAME                     SALARY DEPARTMENT_ID
----------- ------------------------- ---------- -------------
DEPARTMENT_NAME
------------------------------
        105 Austin                          4800            60
IT

        106 Pataballa                       4800            60
IT

        107 Lorentz                         4200            60
IT


EMPLOYEE_ID LAST_NAME                     SALARY DEPARTMENT_ID
----------- ------------------------- ---------- -------------
DEPARTMENT_NAME
------------------------------
        204 Baer                           10000            70
Public Relations

        145 Russell                        14000            80
Sales

        146 Partners                       13500            80
Sales


EMPLOYEE_ID LAST_NAME                     SALARY DEPARTMENT_ID
----------- ------------------------- ---------- -------------
DEPARTMENT_NAME
------------------------------
        147 Errazuriz                      12000            80
Sales

        148 Cambrault                      11000            80
Sales

        149 Zlotkey                        10500            80
Sales


EMPLOYEE_ID LAST_NAME                     SALARY DEPARTMENT_ID
----------- ------------------------- ---------- -------------
DEPARTMENT_NAME
------------------------------
        150 Tucker                         10000            80
Sales

        151 Bernstein                       9500            80
Sales

        152 Hall                            9000            80
Sales


EMPLOYEE_ID LAST_NAME                     SALARY DEPARTMENT_ID
----------- ------------------------- ---------- -------------
DEPARTMENT_NAME
------------------------------
        153 Olsen                           8000            80
Sales

        154 Cambrault                       7500            80
Sales

        155 Tuvault                         7000            80
Sales


EMPLOYEE_ID LAST_NAME                     SALARY DEPARTMENT_ID
----------- ------------------------- ---------- -------------
DEPARTMENT_NAME
------------------------------
        156 King                           10000            80
Sales

        157 Sully                           9500            80
Sales

        158 McEwen                          9000            80
Sales


EMPLOYEE_ID LAST_NAME                     SALARY DEPARTMENT_ID
----------- ------------------------- ---------- -------------
DEPARTMENT_NAME
------------------------------
        159 Smith                           8000            80
Sales

        160 Doran                           7500            80
Sales

        161 Sewall                          7000            80
Sales


EMPLOYEE_ID LAST_NAME                     SALARY DEPARTMENT_ID
----------- ------------------------- ---------- -------------
DEPARTMENT_NAME
------------------------------
        162 Vishney                        10500            80
Sales

        163 Greene                          9500            80
Sales

        164 Marvins                         7200            80
Sales


EMPLOYEE_ID LAST_NAME                     SALARY DEPARTMENT_ID
----------- ------------------------- ---------- -------------
DEPARTMENT_NAME
------------------------------
        165 Lee                             6800            80
Sales

        166 Ande                            6400            80
Sales

        167 Banda                           6200            80
Sales


EMPLOYEE_ID LAST_NAME                     SALARY DEPARTMENT_ID
----------- ------------------------- ---------- -------------
DEPARTMENT_NAME
------------------------------
        168 Ozer                           11500            80
Sales

        169 Bloom                          10000            80
Sales

        170 Fox                             9600            80
Sales


EMPLOYEE_ID LAST_NAME                     SALARY DEPARTMENT_ID
----------- ------------------------- ---------- -------------
DEPARTMENT_NAME
------------------------------
        171 Smith                           7400            80
Sales

        172 Bates                           7300            80
Sales

        173 Kumar                           6100            80
Sales


EMPLOYEE_ID LAST_NAME                     SALARY DEPARTMENT_ID
----------- ------------------------- ---------- -------------
DEPARTMENT_NAME
------------------------------
        174 Abel                           11000            80
Sales

        175 Hutton                          8800            80
Sales

        176 Taylor                          8600            80
Sales


EMPLOYEE_ID LAST_NAME                     SALARY DEPARTMENT_ID
----------- ------------------------- ---------- -------------
DEPARTMENT_NAME
------------------------------
        177 Livingston                      8400            80
Sales

        179 Johnson                         6200            80
Sales

        100 King                           24000            90
Executive


EMPLOYEE_ID LAST_NAME                     SALARY DEPARTMENT_ID
----------- ------------------------- ---------- -------------
DEPARTMENT_NAME
------------------------------
        101 Kochhar                        17000            90
Executive

        102 De Haan                        17000            90
Executive

        108 Greenberg                      12008           100
Finance


EMPLOYEE_ID LAST_NAME                     SALARY DEPARTMENT_ID
----------- ------------------------- ---------- -------------
DEPARTMENT_NAME
------------------------------
        109 Faviet                          9000           100
Finance

        110 Chen                            8200           100
Finance

        111 Sciarra                         7700           100
Finance


EMPLOYEE_ID LAST_NAME                     SALARY DEPARTMENT_ID
----------- ------------------------- ---------- -------------
DEPARTMENT_NAME
------------------------------
        112 Urman                           7800           100
Finance

        113 Popp                            6900           100
Finance

        205 Higgins                        12008           110
Accounting


EMPLOYEE_ID LAST_NAME                     SALARY DEPARTMENT_ID
----------- ------------------------- ---------- -------------
DEPARTMENT_NAME
------------------------------
        206 Gietz                           8300           110
Accounting


106 rows selected.

SQL> desc emp_details;
ERROR:
ORA-04043: object emp_details does not exist


SQL> CREATE VIEW emp_details AS
  2  SELECT e.employee_id, e.last_name, e.salary,
  3          e.department_id, d.department_name
  4   FROM employees e, departments d
  5   WHERE e.department_id = d.department_id
  6  ;

View created.

SQL> desc emp_details;
 Name                                      Null?    Type
 ----------------------------------------- -------- ----------------------------
 EMPLOYEE_ID                               NOT NULL NUMBER(6)
 LAST_NAME                                 NOT NULL VARCHAR2(25)
 SALARY                                             NUMBER(8,2)
 DEPARTMENT_ID                                      NUMBER(4)
 DEPARTMENT_NAME                           NOT NULL VARCHAR2(30)

SQL> ed trig

SQL> @trig;

Warning: Trigger created with compilation errors.

SQL> show errors
Errors for TRIGGER NEW_EMP_DEPT:

LINE/COL ERROR
-------- -----------------------------------------------------------------
14/5     PL/SQL: SQL Statement ignored
14/23    PL/SQL: ORA-00903: invalid table name
SQL> ed trig

SQL>
SQL>
SQL>
SQL>
SQL>
SQL>
SQL> select * from new_emps;

EMPLOYEE_ID LAST_NAME                     SALARY DEPARTMENT_ID
----------- ------------------------- ---------- -------------
        100 King                           24000            90
        101 Kochhar                        17000            90
        102 De Haan                        17000            90
        103 Hunold                          9000            60
        104 Ernst                           6000            60
        105 Austin                          4800            60
        106 Pataballa                       4800            60
        107 Lorentz                         4200            60
        108 Greenberg                      12008           100
        109 Faviet                          9000           100
        110 Chen                            8200           100

EMPLOYEE_ID LAST_NAME                     SALARY DEPARTMENT_ID
----------- ------------------------- ---------- -------------
        111 Sciarra                         7700           100
        112 Urman                           7800           100
        113 Popp                            6900           100
        114 Raphaely                       11000            30
        115 Khoo                            3100            30
        116 Baida                           2900            30
        117 Tobias                          2800            30
        118 Himuro                          2600            30
        119 Colmenares                      2500            30
        120 Weiss                           8000            50
        121 Fripp                           8200            50

EMPLOYEE_ID LAST_NAME                     SALARY DEPARTMENT_ID
----------- ------------------------- ---------- -------------
        122 Kaufling                        7900            50
        123 Vollman                         6500            50
        124 Mourgos                         5800            50
        125 Nayer                           3200            50
        126 Mikkilineni                     2700            50
        127 Landry                          2400            50
        128 Markle                          2200            50
        129 Bissot                          3300            50
        130 Atkinson                        2800            50
        131 Marlow                          2500            50
        132 Olson                           2100            50

EMPLOYEE_ID LAST_NAME                     SALARY DEPARTMENT_ID
----------- ------------------------- ---------- -------------
        133 Mallin                          3300            50
        134 Rogers                          2900            50
        135 Gee                             2400            50
        136 Philtanker                      2200            50
        137 Ladwig                          3600            50
        138 Stiles                          3200            50
        139 Seo                             2700            50
        140 Patel                           2500            50
        141 Rajs                            3500            50
        142 Davies                          3100            50
        143 Matos                           2600            50

EMPLOYEE_ID LAST_NAME                     SALARY DEPARTMENT_ID
----------- ------------------------- ---------- -------------
        144 Vargas                          2500            50
        145 Russell                        14000            80
        146 Partners                       13500            80
        147 Errazuriz                      12000            80
        148 Cambrault                      11000            80
        149 Zlotkey                        10500            80
        150 Tucker                         10000            80
        151 Bernstein                       9500            80
        152 Hall                            9000            80
        153 Olsen                           8000            80
        154 Cambrault                       7500            80

EMPLOYEE_ID LAST_NAME                     SALARY DEPARTMENT_ID
----------- ------------------------- ---------- -------------
        155 Tuvault                         7000            80
        156 King                           10000            80
        157 Sully                           9500            80
        158 McEwen                          9000            80
        159 Smith                           8000            80
        160 Doran                           7500            80
        161 Sewall                          7000            80
        162 Vishney                        10500            80
        163 Greene                          9500            80
        164 Marvins                         7200            80
        165 Lee                             6800            80

EMPLOYEE_ID LAST_NAME                     SALARY DEPARTMENT_ID
----------- ------------------------- ---------- -------------
        166 Ande                            6400            80
        167 Banda                           6200            80
        168 Ozer                           11500            80
        169 Bloom                          10000            80
        170 Fox                             9600            80
        171 Smith                           7400            80
        172 Bates                           7300            80
        173 Kumar                           6100            80
        174 Abel                           11000            80
        175 Hutton                          8800            80
        176 Taylor                          8600            80

EMPLOYEE_ID LAST_NAME                     SALARY DEPARTMENT_ID
----------- ------------------------- ---------- -------------
        177 Livingston                      8400            80
        178 Grant                           7000
        179 Johnson                         6200            80
        180 Taylor                          3200            50
        181 Fleaur                          3100            50
        182 Sullivan                        2500            50
        183 Geoni                           2800            50
        184 Sarchand                        4200            50
        185 Bull                            4100            50
        186 Dellinger                       3400            50
        187 Cabrio                          3000            50

EMPLOYEE_ID LAST_NAME                     SALARY DEPARTMENT_ID
----------- ------------------------- ---------- -------------
        188 Chung                           3800            50
        189 Dilly                           3600            50
        190 Gates                           2900            50
        191 Perkins                         2500            50
        192 Bell                            4000            50
        193 Everett                         3900            50
        194 McCain                          3200            50
        195 Jones                           2800            50
        196 Walsh                           3100            50
        197 Feeney                          3000            50
        198 OConnell                        2600            50

EMPLOYEE_ID LAST_NAME                     SALARY DEPARTMENT_ID
----------- ------------------------- ---------- -------------
        199 Grant                           2600            50
        200 Whalen                          4400            10
        201 Hartstein                      13000            20
        202 Fay                             6000            20
        203 Mavris                          6500            40
        204 Baer                           10000            70
        205 Higgins                        12008           110
        206 Gietz                           8300           110

107 rows selected.

SQL> select * from new_depts;
select * from new_depts
              *
ERROR at line 1:
ORA-00942: table or view does not exist


SQL> CREATE TABLE new_depts AS
  2   SELECT d.department_id,d.department_name,
  3          sum(e.salary) dept_sal FROM employees e, departments d
  4   WHERE e.department_id = d.department_id
  5  ;
 SELECT d.department_id,d.department_name,
        *
ERROR at line 2:
ORA-00937: not a single-group group function


SQL> ed
Wrote file afiedt.buf

  1  CREATE TABLE new_depts AS
  2   SELECT d.department_id,d.department_name,
  3         e.salary dept_sal FROM employees e, departments d
  4*  WHERE e.department_id = d.department_id
  5  /

Table created.

SQL>
SQL>
SQL>
SQL> @trig;

Warning: Trigger created with compilation errors.

SQL> show errors
Errors for TRIGGER NEW_EMP_DEPT:

LINE/COL ERROR
-------- -----------------------------------------------------------------
14/5     PL/SQL: SQL Statement ignored
14/23    PL/SQL: ORA-00903: invalid table name
SQL> ed trig

SQL>
SQL>
SQL> select * from hello;

       SNO SNAME
---------- --------------------
         3 a
         2 b
         4 d

SQL> select * from hellochild;

       SNO DATED
---------- ---------
         2 17-FEB-22

SQL> select * from hello_v;

       SNO SNAME                DATED
---------- -------------------- ---------
         2 b                    17-FEB-22

SQL>
SQL>
SQL>
SQL>
SQL>
SQL> spool off
SQL> spool off
not spooling currently
SQL>
SQL>
SQL>
SQL>
SQL>